
> client@0.0.0 test
> vitest run


[1m[30m[46m RUN [49m[39m[22m [36mv4.1.4 [39m[90mC:/Users/ASUS/Documents/GitHub/UniHelp-ITPM-Project/client[39m

 [32mΓ£ô[39m src/services/authService.test.js [2m([22m[2m3 tests[22m[2m)[22m[32m 39[2mms[22m[39m
node.exe : [90mstderr[2m | 
src/components/lecture-resource/StuHome.test.jsx[2m > [22m[2mStuHome - 
Student Resource Dashboard[2m > [22m[2mshould render student home component
At C:\Program Files\nodejs\npm.ps1:29 char:3
+   & $NODE_EXE $NPM_CLI_JS $args
+   ~~~~~~~~~~~~~~~~~~~~~~~~~~~~~
    + CategoryInfo          : NotSpecified: ([90mstderr[2m... home component 
   :String) [], RemoteException
    + FullyQualifiedErrorId : NativeCommandError
 
[22m[39mError fetching lectures for student home: TypeError: (response.data 
|| []).map is not a function
    at loadLectures (C:/Users/ASUS/Documents/GitHub/UniHelp-ITPM-Project/client
/src/components/lecture-resource/StuHome.jsx:135:43)
[90m    at processTicksAndRejections 
(node:internal/process/task_queues:105:5)[39m
Error fetching accepted notes: TypeError: (response.data || []).map is not a 
function
    at loadAcceptedNotes (C:/Users/ASUS/Documents/GitHub/UniHelp-ITPM-Project/c
lient/src/components/lecture-resource/StuHome.jsx:151:45)
[90m    at processTicksAndRejections 
(node:internal/process/task_queues:105:5)[39m

[90mstderr[2m | src/components/lecture-resource/StuHome.test.jsx[2m > 
[22m[2mStuHome - Student Resource Dashboard[2m > [22m[2mshould fetch 
student profile data
[22m[39mError fetching lectures for student home: TypeError: (response.data 
|| []).map is not a function
    at loadLectures (C:/Users/ASUS/Documents/GitHub/UniHelp-ITPM-Project/client
/src/components/lecture-resource/StuHome.jsx:135:43)
Error fetching accepted notes: TypeError: (response.data || []).map is not a 
function
    at loadAcceptedNotes (C:/Users/ASUS/Documents/GitHub/UniHelp-ITPM-Project/c
lient/src/components/lecture-resource/StuHome.jsx:151:45)

 [32mΓ£ô[39m src/components/lecture-resource/StuResourceCard.test.jsx [2m([22m[2m5 tests[22m[2m)[22m[33m 1078[2mms[22m[39m
     [33m[2mΓ£ô[22m[39m should render upload button [33m 612[2mms[22m[39m
 [31mΓ¥»[39m src/components/login-signin/AuthModalStudentLogin.test.jsx [2m([22m[2m6 tests[22m[2m | [22m[31m1 failed[39m[2m)[22m[33m 1475[2mms[22m[39m
[31m     [31m├ù[31m should render when isOpen is true[39m[33m 459[2mms[22m[39m
     [33m[2mΓ£ô[22m[39m should have text/button elements for auth [33m 578[2mms[22m[39m
     [32mΓ£ô[39m should render form inputs[32m 113[2mms[22m[39m
     [32mΓ£ô[39m should have multiple authentication options[32m 117[2mms[22m[39m
     [32mΓ£ô[39m should render when isOpen prop changes to true[32m 107[2mms[22m[39m
     [32mΓ£ô[39m should call onClose when provided[32m 89[2mms[22m[39m
 [32mΓ£ô[39m src/components/lecture-resource/LecProfile.test.jsx [2m([22m[2m2 tests[22m[2m)[22m[33m 1118[2mms[22m[39m
     [33m[2mΓ£ô[22m[39m loads and renders lecturer profile and stats data [33m 413[2mms[22m[39m
     [33m[2mΓ£ô[22m[39m navigates to review and upload tabs from quick actions [33m 694[2mms[22m[39m
 [31mΓ¥»[39m src/components/lecture-resource/StuNoteUploadModal.test.jsx [2m([22m[2m7 tests[22m[2m | [22m[31m1 failed[39m[2m)[22m[33m 1512[2mms[22m[39m
     [32mΓ£ô[39m should render upload modal when isOpen is true[32m 215[2mms[22m[39m
[31m     [31m├ù[31m should not render modal when isOpen is false[39m[32m 20[2mms[22m[39m
     [33m[2mΓ£ô[22m[39m should display upload button [33m 542[2mms[22m[39m
     [32mΓ£ô[39m should display student name in form[32m 27[2mms[22m[39m
     [32mΓ£ô[39m should display lecture title in form[32m 35[2mms[22m[39m
     [32mΓ£ô[39m should have placeholder text for note topic input[32m 27[2mms[22m[39m
     [33m[2mΓ£ô[22m[39m should accept topic input [33m 636[2mms[22m[39m
[90mstderr[2m | src/components/lecture-resource/StuHome.test.jsx[2m > 
[22m[2mStuHome - Student Resource Dashboard[2m > [22m[2mshould display 
search functionality
[22m[39mError fetching lectures for student home: TypeError: (response.data 
|| []).map is not a function
    at loadLectures (C:/Users/ASUS/Documents/GitHub/UniHelp-ITPM-Project/client
/src/components/lecture-resource/StuHome.jsx:135:43)
Error fetching accepted notes: TypeError: (response.data || []).map is not a 
function
    at loadAcceptedNotes (C:/Users/ASUS/Documents/GitHub/UniHelp-ITPM-Project/c
lient/src/components/lecture-resource/StuHome.jsx:151:45)

 [31mΓ¥»[39m src/components/lecture-resource/StuHome.test.jsx [2m([22m[2m5 tests[22m[2m | [22m[31m1 failed[39m[2m)[22m[33m 1972[2mms[22m[39m
     [32mΓ£ô[39m should render student home component[32m 224[2mms[22m[39m
     [33m[2mΓ£ô[22m[39m should display loading state while fetching data [33m 529[2mms[22m[39m
[31m     [31m├ù[31m should fetch student profile data[39m[33m 1096[2mms[22m[39m
     [32mΓ£ô[39m should handle API errors gracefully[32m 73[2mms[22m[39m
     [32mΓ£ô[39m should display search functionality[32m 37[2mms[22m[39m
 [32mΓ£ô[39m src/components/login-signin/AuthModal.test.jsx [2m([22m[2m3 tests[22m[2m)[22m[33m 3382[2mms[22m[39m
     [33m[2mΓ£ô[22m[39m logs in successfully with identifier and password [33m 1610[2mms[22m[39m
     [33m[2mΓ£ô[22m[39m moves to activation step 2 after OTP request [33m 1017[2mms[22m[39m
     [33m[2mΓ£ô[22m[39m moves to forgot-password step 2 after reset code request [33m 743[2mms[22m[39m
 [31mΓ¥»[39m tests/e2e/auth-and-lecture-resource.spec.js [2m([22m[2m0 test[22m[2m)[22m
 [31mΓ¥»[39m tests/e2e/student-resources.spec.js [2m([22m[2m0 test[22m[2m)[22m

[31mΓÄ»ΓÄ»ΓÄ»ΓÄ»ΓÄ»ΓÄ»[39m[1m[41m Failed Suites 2 
[49m[22m[31mΓÄ»ΓÄ»ΓÄ»ΓÄ»ΓÄ»ΓÄ»ΓÄ»[39m

[41m[1m FAIL [22m[49m tests/e2e/auth-and-lecture-resource.spec.js[2m [ 
tests/e2e/auth-and-lecture-resource.spec.js ][22m
[31m[1mError[22m: Playwright Test did not expect test.describe() to be 
called here.
Most common reasons include:
- You are calling test.describe() in a configuration file.
- You are calling test.describe() in a file that is imported by the 
configuration file.
- You have two different versions of @playwright/test. This usually happens
  when one of the dependencies in your package.json depends on 
@playwright/test.[39m
[90m [2mΓ¥»[22m TestTypeImpl._currentSuite 
node_modules/playwright/lib/common/testType.js:[2m75:13[22m[39m
[90m [2mΓ¥»[22m TestTypeImpl._describe 
node_modules/playwright/lib/common/testType.js:[2m115:24[22m[39m
[90m [2mΓ¥»[22m Function.describe 
node_modules/playwright/lib/transform/transform.js:[2m275:12[22m[39m
[36m [2mΓ¥»[22m 
tests/e2e/auth-and-lecture-resource.spec.js:[2m66:6[22m[39m
    [90m 64|[39m }
    [90m 65|[39m
    [90m 66|[39m test[33m.[39m[34mdescribe[39m([32m'Login-signin and 
lecture-resource journeys'[39m[33m,[39m () [33m=>[39m {
    [90m   |[39m      [31m^[39m
    [90m 67|[39m   test('lecturer can login from AuthModal and land in home 
dashboard',ΓÇª
    [90m 68|[39m     [35mawait[39m [34mmockCoreApis[39m(page)[33m;[39m

[31m[2mΓÄ»ΓÄ»ΓÄ»ΓÄ»ΓÄ»ΓÄ»ΓÄ»ΓÄ»ΓÄ»ΓÄ»ΓÄ»ΓÄ»ΓÄ»ΓÄ»ΓÄ»ΓÄ»ΓÄ»ΓÄ»ΓÄ»ΓÄ»ΓÄ»ΓÄ»ΓÄ»Γ
Ä»[1/5]ΓÄ»[22m[39m

[41m[1m FAIL [22m[49m tests/e2e/student-resources.spec.js[2m [ 
tests/e2e/student-resources.spec.js ][22m
[31m[1mError[22m: Playwright Test did not expect test.describe() to be 
called here.
Most common reasons include:
- You are calling test.describe() in a configuration file.
- You are calling test.describe() in a file that is imported by the 
configuration file.
- You have two different versions of @playwright/test. This usually happens
  when one of the dependencies in your package.json depends on 
@playwright/test.[39m
[90m [2mΓ¥»[22m TestTypeImpl._currentSuite 
node_modules/playwright/lib/common/testType.js:[2m75:13[22m[39m
[90m [2mΓ¥»[22m TestTypeImpl._describe 
node_modules/playwright/lib/common/testType.js:[2m115:24[22m[39m
[90m [2mΓ¥»[22m Function.describe 
node_modules/playwright/lib/transform/transform.js:[2m275:12[22m[39m
[36m [2mΓ¥»[22m tests/e2e/student-resources.spec.js:[2m3:6[22m[39m
    [90m  1|[39m [35mimport[39m { test[33m,[39m expect } [35mfrom[39m 
[32m'@playwright/test'[39m[33m;[39m
    [90m  2|[39m
    [90m  3|[39m test[33m.[39m[34mdescribe[39m([32m'Student Login and 
Resource Dashboard'[39m[33m,[39m () [33m=>[39m {
    [90m   |[39m      [31m^[39m
    [90m  4|[39m   test[33m.[39m[34mbeforeEach[39m([35masync[39m ({ 
page }) [33m=>[39m {
    [90m  5|[39m     [35mawait[39m 
page[33m.[39m[34mgoto[39m([32m'http://localhost:4173'[39m)[33m;[39m

[31m[2mΓÄ»ΓÄ»ΓÄ»ΓÄ»ΓÄ»ΓÄ»ΓÄ»ΓÄ»ΓÄ»ΓÄ»ΓÄ»ΓÄ»ΓÄ»ΓÄ»ΓÄ»ΓÄ»ΓÄ»ΓÄ»ΓÄ»ΓÄ»ΓÄ»ΓÄ»ΓÄ»Γ
Ä»[2/5]ΓÄ»[22m[39m


[31mΓÄ»ΓÄ»ΓÄ»ΓÄ»ΓÄ»ΓÄ»ΓÄ»[39m[1m[41m Failed Tests 3 
[49m[22m[31mΓÄ»ΓÄ»ΓÄ»ΓÄ»ΓÄ»ΓÄ»ΓÄ»[39m

[41m[1m FAIL [22m[49m 
src/components/login-signin/AuthModalStudentLogin.test.jsx[2m > 
[22mAuthModal - Student Login[2m > [22mshould render when isOpen is true
[31m[1mTestingLibraryElementError[22m[39m: Unable to find an element with 
the text: /login/i. This could be because the text is broken up by multiple 
elements. In this case, you can provide a function for your text matcher to 
make your matcher more flexible.

Ignored nodes: comments, script, style
[36m<body>[39m
  [36m<div>[39m
    [36m<div[39m
      [33mclass[39m=[32m"fixed inset-0 z-50 flex items-center 
justify-center p-4"[39m
      [33mstyle[39m=[32m"background: rgba(15, 23, 42, 0.5); 
backdrop-filter: blur(6px);"[39m
    [36m>[39m
      [36m<div[39m
        [33mclass[39m=[32m"relative w-full max-w-[420px] bg-white 
rounded-2xl overflow-hidden"[39m
        [33mstyle[39m=[32m"box-shadow: 0 24px 64px rgba(0,0,0,0.18);"[39m
      [36m>[39m
        [36m<div[39m
          [33mclass[39m=[32m"px-7 pt-7 pb-5 relative"[39m
        [36m>[39m
          [36m<div[39m
            [33mclass[39m=[32m"text-center"[39m
          [36m>[39m
            [36m<img[39m
              [33malt[39m=[32m"UniHelp"[39m
              [33mclass[39m=[32m"w-20 h-8 object-contain mx-auto mb-4"[39m
              [33msrc[39m=[32m"/src/assets/logo3.png"[39m
            [36m/>[39m
            [36m<h2[39m
              [33mclass[39m=[32m"text-[22px] font-bold text-gray-900 
leading-tight"[39m
            [36m>[39m
              [0mWelcome back[0m
            [36m</h2>[39m
            [36m<p[39m
              [33mclass[39m=[32m"text-[13px] text-gray-400 mt-1"[39m
            [36m>[39m
              [0mSign in to your UniHelp account[0m
            [36m</p>[39m
          [36m</div>[39m
          [36m<button[39m
            [33mclass[39m=[32m"absolute top-5 right-5 w-8 h-8 flex 
items-center justify-center rounded-lg text-gray-400 hover:text-gray-700 
hover:bg-gray-100 transition-all"[39m
          [36m>[39m
            [36m<svg[39m
              [33maria-hidden[39m=[32m"true"[39m
              [33mclass[39m=[32m"lucide lucide-x"[39m
              [33mfill[39m=[32m"none"[39m
              [33mheight[39m=[32m"17"[39m
              [33mstroke[39m=[32m"currentColor"[39m
              [33mstroke-linecap[39m=[32m"round"[39m
              [33mstroke-linejoin[39m=[32m"round"[39m
              [33mstroke-width[39m=[32m"2"[39m
              [33mviewBox[39m=[32m"0 0 24 24"[39m
              [33mwidth[39m=[32m"17"[39m
              [33mxmlns[39m=[32m"http://www.w3.org/2000/svg"[39m
            [36m>[39m
              [36m<path[39m
                [33md[39m=[32m"M18 6 6 18"[39m
              [36m/>[39m
              [36m<path[39m
                [33md[39m=[32m"m6 6 12 12"[39m
              [36m/>[39m
            [36m</svg>[39m
          [36m</button>[39m
        [36m</div>[39m
        [36m<div[39m
          [33mclass[39m=[32m"px-7 pb-7 space-y-3"[39m
        [36m>[39m
          [36m<form[39m
            [33mclass[39m=[32m"space-y-3"[39m
          [36m>[39m
            [36m<label[39m
              [33mclass[39m=[32m"block"[39m
            [36m>[39m
              [36m<span[39m
                [33mclass[39m=[32m"block text-[12.5px] font-semibold 
text-gray-700 mb-1.5"[39m
              [36m>[39m
                [0mUniversity email or ID[0m
                [36m<span[39m
                  [33mclass[39m=[32m"text-red-400 ml-0.5"[39m
                [36m>[39m
                  [0m*[0m
                [36m</span>[39m
              [36m</span>[39m
              [36m<div[39m
                [33mclass[39m=[32m"relative"[39m
              [36m>[39m
                [36m<span[39m
                  [33mclass[39m=[32m"absolute left-3 top-1/2 
-translate-y-1/2 text-gray-400 pointer-events-none"[39m
                [36m>[39m
                  [36m<svg[39m
                    [33maria-hidden[39m=[32m"true"[39m
                    [33mclass[39m=[32m"lucide lucide-mail"[39m
                    [33mfill[39m=[32m"none"[39m
                    [33mheight[39m=[32m"14"[39m
                    [33mstroke[39m=[32m"currentColor"[39m
                    [33mstroke-linecap[39m=[32m"round"[39m
                    [33mstroke-linejoin[39m=[32m"round"[39m
                    [33mstroke-width[39m=[32m"2"[39m
                    [33mviewBox[39m=[32m"0 0 24 24"[39m
                    [33mwidth[39m=[32m"14"[39m
                    [33mxmlns[39m=[32m"http://www.w3.org/2000/svg"[39m
                  [36m>[39m
                    [36m<path[39m
                      [33md[39m=[32m"m22 7-8.991 5.727a2 2 0 0 1-2.009 0L2 
7"[39m
                    [36m/>[39m
                    [36m<rect[39m
                      [33mheight[39m=[32m"16"[39m
                      [33mrx[39m=[32m"2"[39m
                      [33mwidth[39m=[32m"20"[39m
                      [33mx[39m=[32m"2"[39m
                      [33my[39m=[32m"4"[39m
                    [36m/>[39m
                  [36m</svg>[39m
                [36m</span>[39m
                [36m<input[39m
                  [33mclass[39m=[32m"w-full pl-9 pr-3.5 py-2.5 rounded-xl 
border border-gray-200 bg-gray-50 text-[13.5px] text-gray-900 
placeholder-gray-400 outline-none transition-all focus:border-blue-400 
focus:bg-white focus:ring-2 focus:ring-blue-100 disabled:opacity-50"[39m
                  [33mplaceholder[39m=[32m"you@university.edu or 
STU001"[39m
                  [33mrequired[39m=[32m""[39m
                  [33mtype[39m=[32m"text"[39m
                  [33mvalue[39m=[32m""[39m
                [36m/>[39m
              [36m</div>[39m
            [36m</label>[39m
            [36m<label[39m
              [33mclass[39m=[32m"block"[39m
            [36m>[39m
              [36m<span[39m
                [33mclass[39m=[32m"block text-[12.5px] font-semibold 
text-gray-700 mb-1.5"[39m
              [36m>[39m
                [0mPassword[0m
                [36m<span[39m
                  [33mclass[39m=[32m"text-red-400 ml-0.5"[39m
                [36m>[39m
                  [0m*[0m
                [36m</span>[39m
              [36m</span>[39m
              [36m<div[39m
                [33mclass[39m=[32m"relative"[39m
              [36m>[39m
                [36m<span[39m
                  [33mclass[39m=[32m"absolute left-3 top-1/2 
-translate-y-1/2 text-gray-400 pointer-events-none"[39m
                [36m>[39m
                  [36m<svg[39m
                    [33maria-hidden[39m=[32m"true"[39m
                    [33mclass[39m=[32m"lucide lucide-lock"[39m
                    [33mfill[39m=[32m"none"[39m
                    [33mheight[39m=[32m"14"[39m
                    [33mstroke[39m=[32m"currentColor"[39m
                    [33mstroke-linecap[39m=[32m"round"[39m
                    [33mstroke-linejoin[39m=[32m"round"[39m
                    [33mstroke-width[39m=[32m"2"[39m
                    [33mviewBox[39m=[32m"0 0 24 24"[39m
                    [33mwidth[39m=[32m"14"[39m
                    [33mxmlns[39m=[32m"http://www.w3.org/2000/svg"[39m
                  [36m>[39m
                    [36m<rect[39m
                      [33mheight[39m=[32m"11"[39m
                      [33mrx[39m=[32m"2"[39m
                      [33mry[39m=[32m"2"[39m
                      [33mwidth[39m=[32m"18"[39m
                      [33mx[39m=[32m"3"[39m
                      [33my[39m=[32m"11"[39m
                    [36m/>[39m
                    [36m<path[39m
                      [33md[39m=[32m"M7 11V7a5 5 0 0 1 10 0v4"[39m
                    [36m/>[39m
                  [36m</svg>[39m
                [36m</span>[39m
                [36m<input[39m
                  [33mclass[39m=[32m"w-full pl-9 pr-10 py-2.5 rounded-xl 
border border-gray-200 bg-gray-50 text-[13.5px] text-gray-900 
placeholder-gray-400 outline-none transition-all focus:border-blue-400 
focus:bg-white focus:ring-2 focus:ring-blue-100"[39m
                  [33mplaceholder[39m=[32m"Enter your password"[39m
                  [33mrequired[39m=[32m""[39m
                  [33mtype[39m=[32m"password"[39m
                  [33mvalue[39m=[32m""[39m
                [36m/>[39m
                [36m<button[39m
                  [33mclass[39m=[32m"absolute right-3 top-1/2 
-translate-y-1/2 text-gray-400 hover:text-gray-600 transition-colors"[39m
                  [33mtype[39m=[32m"button"[39m
                [36m>[39m
                  [36m<svg[39m
                    [33maria-hidden[39m=[32m"true"[39m
                    [33mclass[39m=[32m"lucide lucide-eye"[39m
                    [33mfill[39m=[32m"none"[39m
                    [33mheight[39m=[32m"14"[39m
                    [33mstroke[39m=[32m"currentColor"[39m
                    [33mstroke-linecap[39m=[32m"round"[39m
                    [33mstroke-linejoin[39m=[32m"round"[39m
                    [33mstroke-width[39m=[32m"2"[39m
                    [33mviewBox[39m=[32m"0 0 24 24"[39m
                    [33mwidth[39m=[32m"14"[39m
                    [33mxmlns[39m=[32m"http://www.w3.org/2000/svg"[39m
                  [36m>[39m
                    [36m<path[39m
                      [33md[39m=[32m"M2.062 12.348a1 1 0 0 1 0-.696 10.75 
10.75 0 0 1 19.876 0 1 1 0 0 1 0 .696 10.75 10.75 0 0 1-19.876 0"[39m
                    [36m/>[39m
                    [36m<circle[39m
                      [33mcx[39m=[32m"12"[39m
                      [33mcy[39m=[32m"12"[39m
                      [33mr[39m=[32m"3"[39m
                    [36m/>[39m
                  [36m</svg>[39m
                [36m</button>[39m
              [36m</div>[39m
            [36m</label>[39m
            [36m<div[39m
              [33mclass[39m=[32m"flex items-center justify-between gap-3 
pt-1"[39m
            [36m>[39m
              [36m<button[39m
                [33mclass[39m=[32m"text-[12px] text-slate-500 
hover:text-slate-700 font-medium"[39m
                [33mtype[39m=[32m"button"[39m
              [36m>[39m
                [0mNeed activation?[0m
              [36m</button>[39m
              [36m<button[39m
                [33mclass[39m=[32m"text-[12px] text-blue-600 
hover:underline font-medium"[39m
                [33mtype[39m=[32m"button"[39m
              [36m>[39m
                [0mForgot password?[0m
              [36m</button>[39m
            [36m</div>[39m
            [36m<button[39m
              [33mclass[39m=[32m"w-full mt-2 py-2.5 rounded-xl text-[14px] 
font-semibold text-white transition-all duration-150 disabled:opacity-60 
disabled:cursor-not-allowed"[39m
              [33mstyle[39m=[32m"background: linear-gradient(135deg, 
rgb(37, 99, 235), rgb(29, 78, 216)); box-shadow: 0 2px 10px 
rgba(79,70,229,0.25);"[39m
              [33mtype[39m=[32m"submit"[39m
            [36m>[39m
              [0mSign In[0m
            [36m</button>[39m
          [36m</form>[39m
        [36m</div>[39m
      [36m</div>[39m
    [36m</div>[39m
  [36m</div>[39m
[36m</body>[39m
[90m [2mΓ¥»[22m Object.getElementError 
node_modules/@testing-library/dom/dist/config.js:[2m37:19[22m[39m
[90m [2mΓ¥»[22m 
node_modules/@testing-library/dom/dist/query-helpers.js:[2m76:38[22m[39m
[90m [2mΓ¥»[22m 
node_modules/@testing-library/dom/dist/query-helpers.js:[2m52:17[22m[39m
[90m [2mΓ¥»[22m 
node_modules/@testing-library/dom/dist/query-helpers.js:[2m95:19[22m[39m
[36m [2mΓ¥»[22m 
src/components/login-signin/AuthModalStudentLogin.test.jsx:[2m14:28[22m[39m
    [90m 12|[39m
    [90m 13|[39m     [90m// Component should render some content[39m
    [90m 14|[39m     const element = screen.getByText(/login/i) || 
screen.queryByRole('ΓÇª
    [90m   |[39m                            [31m^[39m
    [90m 15|[39m     
[34mexpect[39m(element)[33m.[39m[34mtoBeTruthy[39m()[33m;[39m
    [90m 16|[39m   })[33m;[39m

[31m[2mΓÄ»ΓÄ»ΓÄ»ΓÄ»ΓÄ»ΓÄ»ΓÄ»ΓÄ»ΓÄ»ΓÄ»ΓÄ»ΓÄ»ΓÄ»ΓÄ»ΓÄ»ΓÄ»ΓÄ»ΓÄ»ΓÄ»ΓÄ»ΓÄ»ΓÄ»ΓÄ»Γ
Ä»[3/5]ΓÄ»[22m[39m

[41m[1m FAIL [22m[49m src/components/lecture-resource/StuHome.test.jsx[2m 
> [22mStuHome - Student Resource Dashboard[2m > [22mshould fetch student 
profile data
[31m[1mAssertionError[22m[39m: expected "vi.fn()" to be called with 
arguments: [ StringContaining "profile" ][90m

Received:

[1m  1st vi.fn() call:

[22m[2m  [[22m
[32m-   StringContaining "profile",[90m
[31m+   "http://localhost:5000/api/student/lectures",[90m
[2m  ][22m

[1m  2nd vi.fn() call:

[22m[2m  [[22m
[32m-   StringContaining "profile",[90m
[31m+   "http://localhost:5000/api/student/notes/accepted",[90m
[31m+   {[90m
[31m+     "params": {[90m
[31m+       "studentId": "STU001",[90m
[31m+     },[90m
[31m+   },[90m
[2m  ][22m
[39m[90m

Number of calls: [1m2[22m
[39m

Ignored nodes: comments, script, style
[36m<html>[39m
  [36m<head />[39m
  [36m<body>[39m
    [36m<div>[39m
      [36m<div[39m
        [33mclass[39m=[32m"space-y-5 w-full"[39m
      [36m>[39m
        [36m<div[39m
          [33mclass[39m=[32m"flex items-start justify-between gap-4"[39m
        [36m>[39m
          [36m<div>[39m
            [36m<h1[39m
              [33mclass[39m=[32m"text-3xl font-bold text-gray-900"[39m
            [36m>[39m
              [0mResources and Notes[0m
            [36m</h1>[39m
            [36m<p[39m
              [33mclass[39m=[32m"text-gray-400 text-sm mt-1"[39m
            [36m>[39m
              [0mAccess lecture materials, upload your notes, and test your 
knowledge[0m
            [36m</p>[39m
          [36m</div>[39m
          [36m<div[39m
            [33mclass[39m=[32m"shrink-0 flex items-center gap-2"[39m
          [36m>[39m
            [36m<button[39m
              [33mclass[39m=[32m"flex items-center gap-2 bg-blue-500 
hover:bg-blue-600 text-white px-4 py-2.5 rounded-xl text-sm font-semibold 
transition-all shadow-sm"[39m
            [36m>[39m
              [36m<svg[39m
                [33maria-hidden[39m=[32m"true"[39m
                [33mclass[39m=[32m"lucide lucide-file-text"[39m
                [33mfill[39m=[32m"none"[39m
                [33mheight[39m=[32m"15"[39m
                [33mstroke[39m=[32m"currentColor"[39m
                [33mstroke-linecap[39m=[32m"round"[39m
                [33mstroke-linejoin[39m=[32m"round"[39m
                [33mstroke-width[39m=[32m"2"[39m
                [33mviewBox[39m=[32m"0 0 24 24"[39m
                [33mwidth[39m=[32m"15"[39m
                [33mxmlns[39m=[32m"http://www.w3.org/2000/svg"[39m
              [36m>[39m
                [36m<path[39m
                  [33md[39m=[32m"M6 22a2 2 0 0 1-2-2V4a2 2 0 0 1 2-2h8a2.4 
2.4 0 0 1 1.704.706l3.588 3.588A2.4 2.4 0 0 1 20 8v12a2 2 0 0 1-2 2z"[39m
                [36m/>[39m
                [36m<path[39m
                  [33md[39m=[32m"M14 2v5a1 1 0 0 0 1 1h5"[39m
                [36m/>[39m
                [36m<path[39m
                  [33md[39m=[32m"M10 9H8"[39m
                [36m/>[39m
                [36m<path[39m
                  [33md[39m=[32m"M16 13H8"[39m
                [36m/>[39m
                [36m<path[39m
                  [33md[39m=[32m"M16 17H8"[39m
                [36m/>[39m
              [36m</svg>[39m
              [0m My Uploads[0m
            [36m</button>[39m
            [36m<button[39m
              [33mclass[39m=[32m"flex items-center gap-2 bg-blue-500 
hover:bg-amber-600 text-white px-4 py-2.5 rounded-xl text-sm font-semibold 
transition-all shadow-sm"[39m
            [36m>[39m
              [36m<svg[39m
                [33maria-hidden[39m=[32m"true"[39m
                [33mclass[39m=[32m"lucide lucide-sparkles"[39m
                [33mfill[39m=[32m"none"[39m
                [33mheight[39m=[32m"15"[39m
                [33mstroke[39m=[32m"currentColor"[39m
                [33mstroke-linecap[39m=[32m"round"[39m
                [33mstroke-linejoin[39m=[32m"round"[39m
                [33mstroke-width[39m=[32m"2"[39m
                [33mviewBox[39m=[32m"0 0 24 24"[39m
                [33mwidth[39m=[32m"15"[39m
                [33mxmlns[39m=[32m"http://www.w3.org/2000/svg"[39m
              [36m>[39m
                [36m<path[39m
                  [33md[39m=[32m"M11.017 2.814a1 1 0 0 1 1.966 0l1.051 
5.558a2 2 0 0 0 1.594 1.594l5.558 1.051a1 1 0 0 1 0 1.966l-5.558 1.051a2 2 0 0 
0-1.594 1.594l-1.051 5.558a1 1 0 0 1-1.966 0l-1.051-5.558a2 2 0 0 
0-1.594-1.594l-5.558-1.051a1 1 0 0 1 0-1.966l5.558-1.051a2 2 0 0 0 
1.594-1.594z"[39m
                [36m/>[39m
                [36m<path[39m
                  [33md[39m=[32m"M20 2v4"[39m
                [36m/>[39m
                [36m<path[39m
                  [33md[39m=[32m"M22 4h-4"[39m
                [36m/>[39m
                [36m<circle[39m
                  [33mcx[39m=[32m"4"[39m
                  [33mcy[39m=[32m"20"[39m
                  [33mr[39m=[32m"2"[39m
                [36m/>[39m
              [36m</svg>[39m
              [0m Bonus Marks[0m
            [36m</button>[39m
          [36m</div>[39m
        [36m</div>[39m
        [36m<div[39m
          [33mclass[39m=[32m"relative"[39m
        [36m>[39m
          [36m<svg[39m
            [33maria-hidden[39m=[32m"true"[39m
            [33mclass[39m=[32m"lucide lucide-search absolute left-4 top-1/2 
-translate-y-1/2 text-gray-400"[39m
            [33mfill[39m=[32m"none"[39m
            [33mheight[39m=[32m"16"[39m
            [33mstroke[39m=[32m"currentColor"[39m
            [33mstroke-linecap[39m=[32m"round"[39m
            [33mstroke-linejoin[39m=[32m"round"[39m
            [33mstroke-width[39m=[32m"2"[39m
            [33mviewBox[39m=[32m"0 0 24 24"[39m
            [33mwidth[39m=[32m"16"[39m
            [33mxmlns[39m=[32m"http://www.w3.org/2000/svg"[39m
          [36m>[39m
            [36m<path[39m
              [33md[39m=[32m"m21 21-4.34-4.34"[39m
            [36m/>[39m
            [36m<circle[39m
              [33mcx[39m=[32m"11"[39m
              [33mcy[39m=[32m"11"[39m
              [33mr[39m=[32m"8"[39m
            [36m/>[39m
          [36m</svg>[39m
          [36m<input[39m
            [33mclass[39m=[32m"w-full pl-11 pr-4 py-2.5 bg-white border 
border-blue-200 rounded-xl text-sm text-gray-700 outline-none focus:ring-2 
focus:ring-blue-100 focus:border-blue-300 transition-all 
placeholder:text-gray-400"[39m
            [33mplaceholder[39m=[32m"Search by lecture name, subject, 
topic, or lecturer..."[39m
            [33mtype[39m=[32m"text"[39m
            [33mvalue[39m=[32m""[39m
          [36m/>[39m
        [36m</div>[39m
        [36m<div[39m
          [33mclass[39m=[32m"flex items-center justify-between gap-3 
flex-wrap"[39m
        [36m>[39m
          [36m<div[39m
            [33mclass[39m=[32m"flex gap-1 bg-gray-100 p-1 rounded-xl 
w-fit"[39m
          [36m>[39m
            [36m<button[39m
              [33mclass[39m=[32m"px-4 py-2 rounded-lg flex items-center 
gap-2 text-sm transition-all font-medium
      bg-white shadow-sm text-gray-900"[39m
            [36m>[39m
              [36m<svg[39m
                [33maria-hidden[39m=[32m"true"[39m
                [33mclass[39m=[32m"lucide lucide-book-open"[39m
                [33mfill[39m=[32m"none"[39m
                [33mheight[39m=[32m"15"[39m
                [33mstroke[39m=[32m"currentColor"[39m
                [33mstroke-linecap[39m=[32m"round"[39m
                [33mstroke-linejoin[39m=[32m"round"[39m
                [33mstroke-width[39m=[32m"2"[39m
                [33mviewBox[39m=[32m"0 0 24 24"[39m
                [33mwidth[39m=[32m"15"[39m
                [33mxmlns[39m=[32m"http://www.w3.org/2000/svg"[39m
              [36m>[39m
                [36m<path[39m
                  [33md[39m=[32m"M12 7v14"[39m
                [36m/>[39m
                [36m<path[39m
                  [33md[39m=[32m"M3 18a1 1 0 0 1-1-1V4a1 1 0 0 1 1-1h5a4 4 
0 0 1 4 4 4 4 0 0 1 4-4h5a1 1 0 0 1 1 1v13a1 1 0 0 1-1 1h-6a3 3 0 0 0-3 3 3 3 
0 0 0-3-3z"[39m
                [36m/>[39m
              [36m</svg>[39m
              [0m [0m
              [0mLecture Resources (0)[0m
            [36m</button>[39m
            [36m<button[39m
              [33mclass[39m=[32m"px-4 py-2 rounded-lg flex items-center 
gap-2 text-sm transition-all font-medium
      text-gray-400 hover:text-gray-600"[39m
            [36m>[39m
              [36m<svg[39m
                [33maria-hidden[39m=[32m"true"[39m
                [33mclass[39m=[32m"lucide lucide-users"[39m
                [33mfill[39m=[32m"none"[39m
                [33mheight[39m=[32m"15"[39m
                [33mstroke[39m=[32m"currentColor"[39m
                [33mstroke-linecap[39m=[32m"round"[39m
                [33mstroke-linejoin[39m=[32m"round"[39m
                [33mstroke-width[39m=[32m"2"[39m
                [33mviewBox[39m=[32m"0 0 24 24"[39m
                [33mwidth[39m=[32m"15"[39m
                [33mxmlns[39m=[32m"http://www.w3.org/2000/svg"[39m
              [36m>[39m
                [36m<path[39m
                  [33md[39m=[32m"M16 21v-2a4 4 0 0 0-4-4H6a4 4 0 0 0-4 
4v2"[39m
                [36m/>[39m
                [36m<path[39m
                  [33md[39m=[32m"M16 3.128a4 4 0 0 1 0 7.744"[39m
                [36m/>[39m
                [36m<path[39m
                  [33md[39m=[32m"M22 21v-2a4 4 0 0 0-3-3.87"[39m
                [36m/>[39m
                [36m<circle[39m
                  [33mcx[39m=[32m"9"[39m
                  [33mcy[39m=[32m"7"[39m
                  [33mr[39m=[32m"4"[39m
                [36m/>[39m
              [36m</svg>[39m
              [0m [0m
              [0mStudent Notes (0)[0m
            [36m</button>[39m
          [36m</div>[39m
          [36m<div[39m
            [33mclass[39m=[32m"flex gap-3 ml-auto"[39m
          [36m>[39m
            [36m<div[39m
              [33mclass[39m=[32m"relative"[39m
            [36m>[39m
              [36m<select[39m
                [33mclass[39m=[32m"appearance-none bg-white border 
border-gray-200 text-sm text-gray-700 font-medium pl-4 pr-9 py-2.5 rounded-xl 
cursor-pointer outline-none focus:ring-2 focus:ring-blue-100 
hover:border-gray-300 transition-all"[39m
              [36m>[39m
                [36m<option[39m
                  [33mvalue[39m=[32m"all"[39m
                [36m>[39m
                  [0mAll Years[0m
                [36m</option>[39m
                [36m<option[39m
                  [33mvalue[39m=[32m"1st Year"[39m
                [36m>[39m
                  [0m1st Year[0m
                [36m</option>[39m
                [36m<option[39m
                  [33mvalue[39m=[32m"2nd Year"[39m
                [36m>[39m
                  [0m2nd Year[0m
                [36m</option>[39m
                [36m<option[39m
                  [33mvalue[39m=[32m"3rd Year"[39m
                [36m>[39m
                  [0m3rd Year[0m
                [36m</option>[39m
              [36m</select>[39m
              [36m<svg[39m
                [33maria-hidden[39m=[32m"true"[39m
                [33mclass[39m=[32m"lucide lucide-chevron-down absolute 
right-3 top-1/2 -translate-y-1/2 text-gray-400 pointer-events-none"[39m
                [33mfill[39m=[32m"none"[39m
                [33mheight[39m=[32m"14"[39m
                [33mstroke[39m=[32m"currentColor"[39m
                [33mstroke-linecap[39m=[32m"round"[39m
                [33mstroke-linejoin[39m=[32m"round"[39m
                [33mstroke-width[39m=[32m"2"[39m
                [33mviewBox[39m=[32m"0 0 24 24"[39m
                [33mwidth[39m=[32m"14"[39m
                [33mxmlns[39m=[32m"http://www.w3.org/2000/svg"[39m
              [36m>[39m
                [36m<path[39m
                  [33md[39m=[32m"m6 9 6 6 6-6"[39m
                [36m/>[39m
              [36m</svg>[39m
            [36m</div>[39m
            [36m<div[39m
              [33mclass[39m=[32m"relative"[39m
            [36m>[39m
              [36m<select[39m
                [33mclass[39m=[32m"appearance-none bg-white border 
border-gray-200 text-sm text-gray-700 font-medium pl-4 pr-9 py-2.5 rounded-xl 
cursor-pointer outline-none focus:ring-2 focus:ring-blue-100 
hover:border-gray-300 transition-all"[39m
              [36m>[39m

[2m Test Files [22m [1m[31m5 failed[39m[22m[2m | [22m[1m[32m4 passed[39m[22m[90m (9)[39m
[2m      Tests [22m [1m[31m3 failed[39m[22m[2m | [22m[1m[32m28 passed[39m[22m[90m (31)[39m
[2m   Start at [22m 12:52:38
[2m   Duration [22m 14.19s[2m (transform 2.85s, setup 5.44s, import 10.23s, tests 10.58s, environment 51.29s)[22m

                [36m<option[39m
                  [33mvalue[39m=[32m"all"[39m
                [36m>[39m
                  [0mAll Semesters[0m
                [36m</option>[39m
                [36m<option[39m
                  [33mvalue[39m=[32m"1st Semester"[39m
                [36m>[39m
                  [0m1st Semester[0m
                [36m</option>[39m
                [36m<option[39m
                  [33mvalue[39m=[32m"2nd Semester"[39m
                [36m>[39m
                  [0m2nd Semester[0m
                [36m</option>[39m
              [36m</select>[39m
              [36m<svg[39m
                [33maria-hidden[39m=[32m"true"[39m
                [33mclass[39m=[32m"lucide lucide-chevron-down absolute 
right-3 top-1/2 -translate-y-1/2 text-gray-400 pointer-events-none"[39m
                [33mfill[39m=[32m"none"[39m
                [33mheight[39m=[32m"14"[39m
                [33mstroke[39m=[32m"currentColor"[39m
                [33mstroke-linecap[39m=[32m"round"[39m
                [33mstroke-linejoin[39m=[32m"round"[39m
                [33mstroke-width[39m=[32m"2"[39m
                [33mviewBox[39m=[32m"0 0 24 24"[39m
                [33mwidth[39m=[32m"14"[39m
                [33mxmlns[39m=[32m"http://www.w3.org/2000/svg"[39m
              [36m>[39m
                [36m<path[39m
                  [33md[39m=[32m"m6 9 6 6 6-6"[39m
                [36m/>[39m
              [36m</svg>[39m
            [36m</div>[39m
          [36m</div>[39m
        [36m</div>[39m
        [36m<div[39m
          [33mclass[39m=[32m"grid grid-cols-1 md:grid-cols-2 xl:grid-cols-3 
gap-5 pb-10"[39m
        [36m>[39m
          [36m<div[39m
            [33mclass[39m=[32m"col-span-3 py-20 text-center text-gray-400 
text-sm font-medium border-2 border-dashed border-gray-200 rounded-2xl"[39m
          [36m>[39m
            [0mNo lectures match your search.[0m
          [36m</div>[39m
        [36m</div>[39m
      [36m</div>[39m
    [36m</div>[39m
  [36m</body>[39m
[36m</html>[39m
[36m [2mΓ¥»[22m 
src/components/lecture-resource/StuHome.test.jsx:[2m64:25[22m[39m
    [90m 62|[39m     [35mawait[39m [34mwaitFor[39m(() [33m=>[39m {
    [90m 63|[39m       [90m// Profile info should be loaded[39m
    [90m 64|[39m       
expect(axios.get).toHaveBeenCalledWith(expect.stringContaining('ΓÇª
    [90m   |[39m                         [31m^[39m
    [90m 65|[39m     })[33m;[39m
    [90m 66|[39m   })[33m;[39m
[90m [2mΓ¥»[22m runWithExpensiveErrorDiagnosticsDisabled 
node_modules/@testing-library/dom/dist/config.js:[2m47:12[22m[39m
[90m [2mΓ¥»[22m checkCallback 
node_modules/@testing-library/dom/dist/wait-for.js:[2m124:77[22m[39m
[90m [2mΓ¥»[22m Timeout.checkRealTimersCallback 
node_modules/@testing-library/dom/dist/wait-for.js:[2m118:16[22m[39m

[31m[2mΓÄ»ΓÄ»ΓÄ»ΓÄ»ΓÄ»ΓÄ»ΓÄ»ΓÄ»ΓÄ»ΓÄ»ΓÄ»ΓÄ»ΓÄ»ΓÄ»ΓÄ»ΓÄ»ΓÄ»ΓÄ»ΓÄ»ΓÄ»ΓÄ»ΓÄ»ΓÄ»Γ
Ä»[4/5]ΓÄ»[22m[39m

[41m[1m FAIL [22m[49m 
src/components/lecture-resource/StuNoteUploadModal.test.jsx[2m > 
[22mStuNoteUploadModal - Student Note Upload[2m > [22mshould not render 
modal when isOpen is false
[31m[1mError[22m: 
[2mexpect([22m[31mreceived[31m[2m).toBeEmptyDOMElement()[22m

[31mreceived[31m value must be an HTMLElement or an SVGElement.
Received has type:  Null
Received has value: [31mnull[31m[39m
[36m [2mΓ¥»[22m 
src/components/lecture-resource/StuNoteUploadModal.test.jsx:[2m55:34[22m[39m
    [90m 53|[39m     )[33m;[39m
    [90m 54|[39m
    [90m 55|[39m     [34mexpect[39m(container[33m.[39mfirstChild)[33m.[
39m[34mtoBeEmptyDOMElement[39m()[33m;[39m
    [90m   |[39m                                  [31m^[39m
    [90m 56|[39m   })[33m;[39m
    [90m 57|[39m

[31m[2mΓÄ»ΓÄ»ΓÄ»ΓÄ»ΓÄ»ΓÄ»ΓÄ»ΓÄ»ΓÄ»ΓÄ»ΓÄ»ΓÄ»ΓÄ»ΓÄ»ΓÄ»ΓÄ»ΓÄ»ΓÄ»ΓÄ»ΓÄ»ΓÄ»ΓÄ»ΓÄ»Γ
Ä»[5/5]ΓÄ»[22m[39m

